// Jest Snapshot v1, https://goo.gl/fbAQLP

exports[`should render RouteData component RouteData component renders correctly 1`] = `ShallowWrapper {}`;
