// Jest Snapshot v1, https://goo.gl/fbAQLP

exports[`should render Ticket component Ticket component renders correctly 1`] = `ShallowWrapper {}`;
